Initialized native services in: C:\Users\Administrator\.gradle\native
Initialized jansi services in: C:\Users\Administrator\.gradle\native
Received JVM installation metadata from 'C:\Program Files\Microsoft\jdk-17.0.19.10-hotspot': {JAVA_HOME=C:\Program Files\Microsoft\jdk-17.0.19.10-hotspot, JAVA_VERSION=17.0.19, JAVA_VENDOR=Microsoft, RUNTIME_NAME=OpenJDK Runtime Environment, RUNTIME_VERSION=17.0.19+10-LTS, VM_NAME=OpenJDK 64-Bit Server VM, VM_VERSION=17.0.19+10-LTS, VM_VENDOR=Microsoft, OS_ARCH=amd64}
Found daemon DaemonInfo{pid=24044, address=[714e03e2-e042-487b-b22b-f42b56c31e0d port:53468, addresses:[/127.0.0.1]], state=Idle, lastBusy=1782888641465, context=DefaultDaemonContext[uid=15bdddff-6035-4240-9b9c-88c5b7c06d3b,javaHome=C:\Program Files\Java\jdk-24,daemonRegistryDir=C:\Users\Administrator\.gradle\daemon,pid=24044,idleTimeout=10800000,priority=NORMAL,applyInstrumentationAgent=true,daemonOpts=--add-opens=java.base/java.util=ALL-UNNAMED,--add-opens=java.base/java.lang=ALL-UNNAMED,--add-opens=java.base/java.lang.invoke=ALL-UNNAMED,--add-opens=java.prefs/java.util.prefs=ALL-UNNAMED,--add-opens=java.base/java.nio.charset=ALL-UNNAMED,--add-opens=java.base/java.net=ALL-UNNAMED,--add-opens=java.base/java.util.concurrent.atomic=ALL-UNNAMED,-XX:MaxMetaspaceSize=384m,-XX:+HeapDumpOnOutOfMemoryError,-Xms256m,-Xmx512m,-Dfile.encoding=UTF-8,-Duser.country=US,-Duser.language=en,-Duser.variant]} however its context does not match the desired criteria.
Java home is different.
Wanted: DefaultDaemonContext[uid=null,javaHome=C:\Program Files\Microsoft\jdk-17.0.19.10-hotspot,daemonRegistryDir=C:\Users\Administrator\.gradle\daemon,pid=3536,idleTimeout=null,priority=NORMAL,applyInstrumentationAgent=true,daemonOpts=--add-opens=java.base/java.util=ALL-UNNAMED,--add-opens=java.base/java.lang=ALL-UNNAMED,--add-opens=java.base/java.lang.invoke=ALL-UNNAMED,--add-opens=java.prefs/java.util.prefs=ALL-UNNAMED,--add-opens=java.base/java.nio.charset=ALL-UNNAMED,--add-opens=java.base/java.net=ALL-UNNAMED,--add-opens=java.base/java.util.concurrent.atomic=ALL-UNNAMED,-XX:MaxMetaspaceSize=384m,-XX:+HeapDumpOnOutOfMemoryError,-Xms256m,-Xmx512m,-Dfile.encoding=windows-1252,-Duser.country=US,-Duser.language=en,-Duser.variant]
Actual: DefaultDaemonContext[uid=15bdddff-6035-4240-9b9c-88c5b7c06d3b,javaHome=C:\Program Files\Java\jdk-24,daemonRegistryDir=C:\Users\Administrator\.gradle\daemon,pid=24044,idleTimeout=10800000,priority=NORMAL,applyInstrumentationAgent=true,daemonOpts=--add-opens=java.base/java.util=ALL-UNNAMED,--add-opens=java.base/java.lang=ALL-UNNAMED,--add-opens=java.base/java.lang.invoke=ALL-UNNAMED,--add-opens=java.prefs/java.util.prefs=ALL-UNNAMED,--add-opens=java.base/java.nio.charset=ALL-UNNAMED,--add-opens=java.base/java.net=ALL-UNNAMED,--add-opens=java.base/java.util.concurrent.atomic=ALL-UNNAMED,-XX:MaxMetaspaceSize=384m,-XX:+HeapDumpOnOutOfMemoryError,-Xms256m,-Xmx512m,-Dfile.encoding=UTF-8,-Duser.country=US,-Duser.language=en,-Duser.variant]

  Looking for a different daemon...
Removing daemon from the registry due to communication failure. Daemon information: DaemonInfo{pid=6924, address=[0455536e-aeb0-4717-8989-9d41f748ffb7 port:63945, addresses:[/127.0.0.1]], state=Idle, lastBusy=1783517503071, context=DefaultDaemonContext[uid=5cdcd502-2dac-4455-98ae-8b69996eb434,javaHome=C:\Program Files\Microsoft\jdk-17.0.19.10-hotspot,daemonRegistryDir=C:\Users\Administrator\.gradle\daemon,pid=6924,idleTimeout=10800000,priority=NORMAL,applyInstrumentationAgent=true,daemonOpts=--add-opens=java.base/java.util=ALL-UNNAMED,--add-opens=java.base/java.lang=ALL-UNNAMED,--add-opens=java.base/java.lang.invoke=ALL-UNNAMED,--add-opens=java.prefs/java.util.prefs=ALL-UNNAMED,--add-opens=java.base/java.nio.charset=ALL-UNNAMED,--add-opens=java.base/java.net=ALL-UNNAMED,--add-opens=java.base/java.util.concurrent.atomic=ALL-UNNAMED,-XX:MaxMetaspaceSize=384m,-XX:+HeapDumpOnOutOfMemoryError,-Xms256m,-Xmx512m,-Dfile.encoding=windows-1252,-Duser.country=US,-Duser.language=en,-Duser.variant]}
Removing 0 daemon stop events from registry
Previous Daemon (7800) stopped at Wed Jul 08 08:58:10 EDT 2026 by user or operating system
Previous Daemon (3348) stopped at Wed Jul 08 09:00:54 EDT 2026 by user or operating system
Previous Daemon (19072) stopped at Wed Jul 08 09:03:48 EDT 2026 by user or operating system
Previous Daemon (16424) stopped at Wed Jul 08 09:06:53 EDT 2026 by user or operating system
Previous Daemon (14348) stopped at Wed Jul 08 09:08:12 EDT 2026 by user or operating system
Previous Daemon (18780) stopped at Wed Jul 08 09:11:28 EDT 2026 by user or operating system
Previous Daemon (17176) stopped at Wed Jul 08 09:15:06 EDT 2026 by user or operating system
Previous Daemon (8272) stopped at Wed Jul 08 09:18:13 EDT 2026 by user or operating system
Previous Daemon (16012) stopped at Wed Jul 08 09:18:13 EDT 2026 by user or operating system
Previous Daemon (3044) stopped at Wed Jul 08 09:19:04 EDT 2026 by user or operating system
Previous Daemon (18924) stopped at Wed Jul 08 09:24:47 EDT 2026 by user or operating system
Previous Daemon (13032) stopped at Wed Jul 08 09:25:50 EDT 2026 by user or operating system
Previous Daemon (19388) stopped at Wed Jul 08 09:28:13 EDT 2026 by user or operating system
Previous Daemon (1564) stopped at Wed Jul 08 09:28:13 EDT 2026 by user or operating system
Previous Daemon (8436) stopped at Wed Jul 08 09:29:51 EDT 2026 by user or operating system
Previous Daemon (14556) stopped at Wed Jul 08 09:31:39 EDT 2026 by user or operating system
Previous Daemon (6924) stopped at Wed Jul 08 09:33:18 EDT 2026 by user or operating system
Starting a Gradle Daemon, 1 busy and 2 incompatible and 17 stopped Daemons could not be reused, use --status for details
Starting process 'Gradle build daemon'. Working directory: C:\Users\Administrator\.gradle\daemon\8.7 Command: C:\Program Files\Microsoft\jdk-17.0.19.10-hotspot\bin\java.exe --add-opens=java.base/java.util=ALL-UNNAMED --add-opens=java.base/java.lang=ALL-UNNAMED --add-opens=java.base/java.lang.invoke=ALL-UNNAMED --add-opens=java.prefs/java.util.prefs=ALL-UNNAMED --add-opens=java.base/java.nio.charset=ALL-UNNAMED --add-opens=java.base/java.net=ALL-UNNAMED --add-opens=java.base/java.util.concurrent.atomic=ALL-UNNAMED -XX:MaxMetaspaceSize=384m -XX:+HeapDumpOnOutOfMemoryError -Xms256m -Xmx512m -Dfile.encoding=windows-1252 -Duser.country=US -Duser.language=en -Duser.variant -cp C:\Users\Administrator\.gradle\wrapper\dists\gradle-8.7-bin\bhs2wmbdwecv87pi65oeuq5iu\gradle-8.7\lib\gradle-launcher-8.7.jar -javaagent:C:\Users\Administrator\.gradle\wrapper\dists\gradle-8.7-bin\bhs2wmbdwecv87pi65oeuq5iu\gradle-8.7\lib\agents\gradle-instrumentation-agent-8.7.jar org.gradle.launcher.daemon.bootstrap.GradleDaemon 8.7
Successfully started process 'Gradle build daemon'
An attempt to start the daemon took 3.23 secs.
The client will now receive all logging from the daemon (pid: 7468). The daemon log file: C:\Users\Administrator\.gradle\daemon\8.7\daemon-7468.out.log
Starting build in new daemon [memory: 512 MiB]
Using 4 worker leases.
Received JVM installation metadata from 'C:\Program Files\Microsoft\jdk-17.0.19.10-hotspot': {JAVA_HOME=C:\Program Files\Microsoft\jdk-17.0.19.10-hotspot, JAVA_VERSION=17.0.19, JAVA_VENDOR=Microsoft, RUNTIME_NAME=OpenJDK Runtime Environment, RUNTIME_VERSION=17.0.19+10-LTS, VM_NAME=OpenJDK 64-Bit Server VM, VM_VERSION=17.0.19+10-LTS, VM_VENDOR=Microsoft, OS_ARCH=amd64}
Watching the file system is configured to be enabled if available
Now considering [C:\Users\Administrator\Desktop\shimpi vivah\backend] as hierarchies to watch
File system watching is active
Starting Build
Settings evaluated using settings file 'C:\Users\Administrator\Desktop\shimpi vivah\backend\settings.gradle'.
Projects loaded. Root project using build file 'C:\Users\Administrator\Desktop\shimpi vivah\backend\build.gradle'.
Included projects: [root project 'shimpimilan-backend']

> Configure project :
Evaluating root project 'shimpimilan-backend' using build file 'C:\Users\Administrator\Desktop\shimpi vivah\backend\build.gradle'.
Transforming spring-boot-gradle-plugin-3.3.0.jar (org.springframework.boot:spring-boot-gradle-plugin:3.3.0) with ExternalDependencyInstrumentingArtifactTransform
Transforming dependency-management-plugin-1.1.6.jar (io.spring.gradle:dependency-management-plugin:1.1.6) with ExternalDependencyInstrumentingArtifactTransform
Transforming spring-boot-buildpack-platform-3.3.0.jar (org.springframework.boot:spring-boot-buildpack-platform:3.3.0) with ExternalDependencyInstrumentingArtifactTransform
Transforming spring-boot-loader-tools-3.3.0.jar (org.springframework.boot:spring-boot-loader-tools:3.3.0) with ExternalDependencyInstrumentingArtifactTransform
Transforming commons-compress-1.25.0.jar (org.apache.commons:commons-compress:1.25.0) with ExternalDependencyInstrumentingArtifactTransform
Transforming spring-core-6.1.8.jar (org.springframework:spring-core:6.1.8) with ExternalDependencyInstrumentingArtifactTransform
Transforming jackson-annotations-2.14.2.jar (com.fasterxml.jackson.core:jackson-annotations:2.14.2) with ExternalDependencyInstrumentingArtifactTransform
Transforming jackson-core-2.14.2.jar (com.fasterxml.jackson.core:jackson-core:2.14.2) with ExternalDependencyInstrumentingArtifactTransform
Transforming jackson-module-parameter-names-2.14.2.jar (com.fasterxml.jackson.module:jackson-module-parameter-names:2.14.2) with ExternalDependencyInstrumentingArtifactTransform
Transforming jackson-databind-2.14.2.jar (com.fasterxml.jackson.core:jackson-databind:2.14.2) with ExternalDependencyInstrumentingArtifactTransform
Transforming jna-platform-5.13.0.jar (net.java.dev.jna:jna-platform:5.13.0) with ExternalDependencyInstrumentingArtifactTransform
Transforming httpclient5-5.3.1.jar (org.apache.httpcomponents.client5:httpclient5:5.3.1) with ExternalDependencyInstrumentingArtifactTransform
Transforming tomlj-1.0.0.jar (org.tomlj:tomlj:1.0.0) with ExternalDependencyInstrumentingArtifactTransform
Transforming spring-jcl-6.1.8.jar (org.springframework:spring-jcl:6.1.8) with ExternalDependencyInstrumentingArtifactTransform
Transforming jna-5.13.0.jar (net.java.dev.jna:jna:5.13.0) with ExternalDependencyInstrumentingArtifactTransform
Transforming httpcore5-h2-5.2.4.jar (org.apache.httpcomponents.core5:httpcore5-h2:5.2.4) with ExternalDependencyInstrumentingArtifactTransform
Transforming httpcore5-5.2.4.jar (org.apache.httpcomponents.core5:httpcore5:5.2.4) with ExternalDependencyInstrumentingArtifactTransform
Transforming slf4j-api-1.7.36.jar (org.slf4j:slf4j-api:1.7.36) with ExternalDependencyInstrumentingArtifactTransform
Transforming antlr4-runtime-4.7.2.jar (org.antlr:antlr4-runtime:4.7.2) with ExternalDependencyInstrumentingArtifactTransform
Transforming jsr305-3.0.2.jar (com.google.code.findbugs:jsr305:3.0.2) with ExternalDependencyInstrumentingArtifactTransform
Applying dependency management to configuration 'annotationProcessor' in project 'shimpimilan-backend'
Applying dependency management to configuration 'apiElements' in project 'shimpimilan-backend'
Applying dependency management to configuration 'archives' in project 'shimpimilan-backend'
Applying dependency management to configuration 'bootArchives' in project 'shimpimilan-backend'
Applying dependency management to configuration 'compileClasspath' in project 'shimpimilan-backend'
Applying dependency management to configuration 'compileOnly' in project 'shimpimilan-backend'
Applying dependency management to configuration 'default' in project 'shimpimilan-backend'
Applying dependency management to configuration 'developmentOnly' in project 'shimpimilan-backend'
Applying dependency management to configuration 'implementation' in project 'shimpimilan-backend'
Applying dependency management to configuration 'mainSourceElements' in project 'shimpimilan-backend'
Applying dependency management to configuration 'productionRuntimeClasspath' in project 'shimpimilan-backend'
Applying dependency management to configuration 'runtimeClasspath' in project 'shimpimilan-backend'
Applying dependency management to configuration 'runtimeElements' in project 'shimpimilan-backend'
Applying dependency management to configuration 'runtimeOnly' in project 'shimpimilan-backend'
Applying dependency management to configuration 'testAndDevelopmentOnly' in project 'shimpimilan-backend'
Applying dependency management to configuration 'testAnnotationProcessor' in project 'shimpimilan-backend'
Applying dependency management to configuration 'testCompileClasspath' in project 'shimpimilan-backend'
Applying dependency management to configuration 'testCompileOnly' in project 'shimpimilan-backend'
Applying dependency management to configuration 'testImplementation' in project 'shimpimilan-backend'
Applying dependency management to configuration 'testResultsElementsForTest' in project 'shimpimilan-backend'
Applying dependency management to configuration 'testRuntimeClasspath' in project 'shimpimilan-backend'
Applying dependency management to configuration 'testRuntimeOnly' in project 'shimpimilan-backend'
All projects evaluated.
Task name matched 'test'
Selected primary task 'test' from project :
Resolving global dependency management for project 'shimpimilan-backend'
Excluding [com.google.protobuf:protobuf-java]
Excluding []
Excluding []
Excluding []
Excluding []
Excluding []
Tasks to be executed: [task ':compileJava', task ':processResources', task ':classes', task ':compileTestJava', task ':processTestResources', task ':testClasses', task ':test']
Tasks that were excluded: []
Resolve mutations for :compileJava (Thread[included builds,5,main]) started.
:compileJava (Thread[included builds,5,main]) started.

> Task :compileJava UP-TO-DATE
Custom actions are attached to task ':compileJava'.
Caching disabled for task ':compileJava' because:
  Build cache is disabled
Skipping task ':compileJava' as it is up-to-date.
Resolve mutations for :processResources (Thread[included builds,5,main]) started.
:processResources (Thread[included builds,5,main]) started.

> Task :processResources UP-TO-DATE
Caching disabled for task ':processResources' because:
  Build cache is disabled
  Not worth caching
Skipping task ':processResources' as it is up-to-date.
Resolve mutations for :classes (Thread[included builds,5,main]) started.
:classes (Thread[Execution worker,5,main]) started.

> Task :classes UP-TO-DATE
Skipping task ':classes' as it has no actions.
Resolve mutations for :compileTestJava (Thread[Execution worker,5,main]) started.
:compileTestJava (Thread[Execution worker,5,main]) started.

> Task :compileTestJava UP-TO-DATE
Custom actions are attached to task ':compileTestJava'.
Caching disabled for task ':compileTestJava' because:
  Build cache is disabled
Skipping task ':compileTestJava' as it is up-to-date.
Resolve mutations for :processTestResources (Thread[Execution worker Thread 3,5,main]) started.
:processTestResources (Thread[Execution worker Thread 3,5,main]) started.

> Task :processTestResources UP-TO-DATE
Caching disabled for task ':processTestResources' because:
  Build cache is disabled
  Not worth caching
Skipping task ':processTestResources' as it is up-to-date.
Resolve mutations for :testClasses (Thread[Execution worker Thread 3,5,main]) started.
:testClasses (Thread[Execution worker Thread 3,5,main]) started.

> Task :testClasses UP-TO-DATE
Skipping task ':testClasses' as it has no actions.
Resolve mutations for :test (Thread[Execution worker Thread 3,5,main]) started.
:test (Thread[Execution worker Thread 3,5,main]) started.
Gradle Test Executor 1 started executing tests.

> Task :test
Caching disabled for task ':test' because:
  Build cache is disabled
Task ':test' is not up-to-date because:
  Task has failed previously.
Starting process 'Gradle Test Executor 1'. Working directory: C:\Users\Administrator\Desktop\shimpi vivah\backend Command: C:\Program Files\Microsoft\jdk-17.0.19.10-hotspot\bin\java.exe -Dorg.gradle.internal.worker.tmpdir=C:\Users\Administrator\Desktop\shimpi vivah\backend\build\tmp\test\work -Dorg.gradle.native=false @C:\Users\Administrator\.gradle\.tmp\gradle-worker-classpath13838591700205738757txt -Xmx512m -Dfile.encoding=windows-1252 -Duser.country=US -Duser.language=en -Duser.variant -ea worker.org.gradle.process.internal.worker.GradleWorkerMain 'Gradle Test Executor 1'
Successfully started process 'Gradle Test Executor 1'

InterestServiceTest STANDARD_OUT
    09:33:43.359 [Test worker] INFO org.springframework.test.context.support.AnnotationConfigContextLoaderUtils -- Could not detect default configuration classes for test class [com.shimpimilan.service.InterestServiceTest]: InterestServiceTest does not declare any static, non-private, non-final, nested classes annotated with @Configuration.
    09:33:43.830 [Test worker] INFO org.springframework.boot.test.context.SpringBootTestContextBootstrapper -- Found @SpringBootConfiguration com.shimpimilan.BackendApplication for test class com.shimpimilan.service.InterestServiceTest
      .   ____          _            __ _ _
     /\\ / ___'_ __ _ _(_)_ __  __ _ \ \ \ \
    ( ( )\___ | '_ | '_| | '_ \/ _` | \ \ \ \
     \\/  ___)| |_)| | | | | || (_| |  ) ) ) )
      '  |____| .__|_| |_|_| |_\__, | / / / /
     =========|_|==============|___/=/_/_/_/

     :: Spring Boot ::                (v3.3.0)

    2026-07-08T09:33:44.714-04:00  WARN 7276 --- [    Test worker] ory$DuplicateJsonObjectContextCustomizer : 

    Found multiple occurrences of org.json.JSONObject on the class path:

    	jar:file:/C:/Users/Administrator/.gradle/caches/modules-2/files-2.1/org.json/json/20180130/26ba2ec0e791a32ea5dfbedfcebf36447ee5b12c/json-20180130.jar!/org/json/JSONObject.class
    	jar:file:/C:/Users/Administrator/.gradle/caches/modules-2/files-2.1/com.vaadin.external.google/android-json/0.0.20131108.vaadin1/fa26d351fe62a6a17f5cda1287c1c6110dec413f/android-json-0.0.20131108.vaadin1.jar!/org/json/JSONObject.class

    You may wish to exclude one of them to ensure predictable runtime behavior

    2026-07-08T09:33:44.752-04:00  INFO 7276 --- [    Test worker] c.s.service.InterestServiceTest          : Starting InterestServiceTest using Java 17.0.19 with PID 7276 (started by Administrator in C:\Users\Administrator\Desktop\shimpi vivah\backend)
    2026-07-08T09:33:44.757-04:00  INFO 7276 --- [    Test worker] c.s.service.InterestServiceTest          : No active profile set, falling back to 1 default profile: "default"
    2026-07-08T09:33:49.349-04:00  INFO 7276 --- [    Test worker] .s.d.r.c.RepositoryConfigurationDelegate : Multiple Spring Data modules found, entering strict repository configuration mode
    2026-07-08T09:33:49.357-04:00  INFO 7276 --- [    Test worker] .s.d.r.c.RepositoryConfigurationDelegate : Bootstrapping Spring Data JPA repositories in DEFAULT mode.
    2026-07-08T09:33:50.223-04:00  INFO 7276 --- [    Test worker] .s.d.r.c.RepositoryConfigurationDelegate : Finished Spring Data repository scanning in 838 ms. Found 35 JPA repository interfaces.
    2026-07-08T09:33:50.278-04:00  INFO 7276 --- [    Test worker] .s.d.r.c.RepositoryConfigurationDelegate : Multiple Spring Data modules found, entering strict repository configuration mode
    2026-07-08T09:33:50.281-04:00  INFO 7276 --- [    Test worker] .s.d.r.c.RepositoryConfigurationDelegate : Bootstrapping Spring Data Redis repositories in DEFAULT mode.
    2026-07-08T09:33:50.328-04:00  INFO 7276 --- [    Test worker] .RepositoryConfigurationExtensionSupport : Spring Data Redis - Could not safely identify store assignment for repository candidate interface com.shimpimilan.repository.AuditLogRepository; If you want this repository to be a Redis repository, consider annotating your entities with one of these annotations: org.springframework.data.redis.core.RedisHash (preferred), or consider extending one of the following types with your repository: org.springframework.data.keyvalue.repository.KeyValueRepository
    2026-07-08T09:33:50.329-04:00  INFO 7276 --- [    Test worker] .RepositoryConfigurationExtensionSupport : Spring Data Redis - Could not safely identify store assignment for repository candidate interface com.shimpimilan.repository.ChatMessageRepository; If you want this repository to be a Redis repository, consider annotating your entities with one of these annotations: org.springframework.data.redis.core.RedisHash (preferred), or consider extending one of the following types with your repository: org.springframework.data.keyvalue.repository.KeyValueRepository
    2026-07-08T09:33:50.329-04:00  INFO 7276 --- [    Test worker] .RepositoryConfigurationExtensionSupport : Spring Data Redis - Could not safely identify store assignment for repository candidate interface com.shimpimilan.repository.ChatRoomRepository; If you want this repository to be a Redis repository, consider annotating your entities with one of these annotations: org.springframework.data.redis.core.RedisHash (preferred), or consider extending one of the following types with your repository: org.springframework.data.keyvalue.repository.KeyValueRepository
    2026-07-08T09:33:50.330-04:00  INFO 7276 --- [    Test worker] .RepositoryConfigurationExtensionSupport : Spring Data Redis - Could not safely identify store assignment for repository candidate interface com.shimpimilan.repository.FamilyAccountRepository; If you want this repository to be a Redis repository, consider annotating your entities with one of these annotations: org.springframework.data.redis.core.RedisHash (preferred), or consider extending one of the following types with your repository: org.springframework.data.keyvalue.repository.KeyValueRepository
    2026-07-08T09:33:50.331-04:00  INFO 7276 --- [    Test worker] .RepositoryConfigurationExtensionSupport : Spring Data Redis - Could not safely identify store assignment for repository candidate interface com.shimpimilan.repository.FamilyActivityLogRepository; If you want this repository to be a Redis repository, consider annotating your entities with one of these annotations: org.springframework.data.redis.core.RedisHash (preferred), or consider extending one of the following types with your repository: org.springframework.data.keyvalue.repository.KeyValueRepository
    2026-07-08T09:33:50.333-04:00  INFO 7276 --- [    Test worker] .RepositoryConfigurationExtensionSupport : Spring Data Redis - Could not safely identify store assignment for repository candidate interface com.shimpimilan.repository.FamilyApprovalLogRepository; If you want this repository to be a Redis repository, consider annotating your entities with one of these annotations: org.springframework.data.redis.core.RedisHash (preferred), or consider extending one of the following types with your repository: org.springframework.data.keyvalue.repository.KeyValueRepository
    2026-07-08T09:33:50.334-04:00  INFO 7276 --- [    Test worker] .RepositoryConfigurationExtensionSupport : Spring Data Redis - Could not safely identify store assignment for repository candidate interface com.shimpimilan.repository.FamilyApprovalRepository; If you want this repository to be a Redis repository, consider annotating your entities with one of these annotations: org.springframework.data.redis.core.RedisHash (preferred), or consider extending one of the following types with your repository: org.springframework.data.keyvalue.repository.KeyValueRepository
    2026-07-08T09:33:50.335-04:00  INFO 7276 --- [    Test worker] .RepositoryConfigurationExtensionSupport : Spring Data Redis - Could not safely identify store assignment for repository candidate interface com.shimpimilan.repository.FamilyDiscussionMemberRepository; If you want this repository to be a Redis repository, consider annotating your entities with one of these annotations: org.springframework.data.redis.core.RedisHash (preferred), or consider extending one of the following types with your repository: org.springframework.data.keyvalue.repository.KeyValueRepository
    2026-07-08T09:33:50.337-04:00  INFO 7276 --- [    Test worker] .RepositoryConfigurationExtensionSupport : Spring Data Redis - Could not safely identify store assignment for repository candidate interface com.shimpimilan.repository.FamilyDiscussionRoomRepository; If you want this repository to be a Redis repository, consider annotating your entities with one of these annotations: org.springframework.data.redis.core.RedisHash (preferred), or consider extending one of the following types with your repository: org.springframework.data.keyvalue.repository.KeyValueRepository
    2026-07-08T09:33:50.337-04:00  INFO 7276 --- [    Test worker] .RepositoryConfigurationExtensionSupport : Spring Data Redis - Could not safely identify store assignment for repository candidate interface com.shimpimilan.repository.FamilyFileRepository; If you want this repository to be a Redis repository, consider annotating your entities with one of these annotations: org.springframework.data.redis.core.RedisHash (preferred), or consider extending one of the following types with your repository: org.springframework.data.keyvalue.repository.KeyValueRepository
    2026-07-08T09:33:50.338-04:00  INFO 7276 --- [    Test worker] .RepositoryConfigurationExtensionSupport : Spring Data Redis - Could not safely identify store assignment for repository candidate interface com.shimpimilan.repository.FamilyMeetingRepository; If you want this repository to be a Redis repository, consider annotating your entities with one of these annotations: org.springframework.data.redis.core.RedisHash (preferred), or consider extending one of the following types with your repository: org.springframework.data.keyvalue.repository.KeyValueRepository
    2026-07-08T09:33:50.339-04:00  INFO 7276 --- [    Test worker] .RepositoryConfigurationExtensionSupport : Spring Data Redis - Could not safely identify store assignment for repository candidate interface com.shimpimilan.repository.FamilyMemberRepository; If you want this repository to be a Redis repository, consider annotating your entities with one of these annotations: org.springframework.data.redis.core.RedisHash (preferred), or consider extending one of the following types with your repository: org.springframework.data.keyvalue.repository.KeyValueRepository
    2026-07-08T09:33:50.340-04:00  INFO 7276 --- [    Test worker] .RepositoryConfigurationExtensionSupport : Spring Data Redis - Could not safely identify store assignment for repository candidate interface com.shimpimilan.repository.FamilyMessageRepository; If you want this repository to be a Redis repository, consider annotating your entities with one of these annotations: org.springframework.data.redis.core.RedisHash (preferred), or consider extending one of the following types with your repository: org.springframework.data.keyvalue.repository.KeyValueRepository
    2026-07-08T09:33:50.341-04:00  INFO 7276 --- [    Test worker] .RepositoryConfigurationExtensionSupport : Spring Data Redis - Could not safely identify store assignment for repository candidate interface com.shimpimilan.repository.FamilyNoteRepository; If you want this repository to be a Redis repository, consider annotating your entities with one of these annotations: org.springframework.data.redis.core.RedisHash (preferred), or consider extending one of the following types with your repository: org.springframework.data.keyvalue.repository.KeyValueRepository
    2026-07-08T09:33:50.345-04:00  INFO 7276 --- [    Test worker] .RepositoryConfigurationExtensionSupport : Spring Data Redis - Could not safely identify store assignment for repository candidate interface com.shimpimilan.repository.FamilyPermissionRepository; If you want this repository to be a Redis repository, consider annotating your entities with one of these annotations: org.springframework.data.redis.core.RedisHash (preferred), or consider extending one of the following types with your repository: org.springframework.data.keyvalue.repository.KeyValueRepository
    2026-07-08T09:33:50.363-04:00  INFO 7276 --- [    Test worker] .RepositoryConfigurationExtensionSupport : Spring Data Redis - Could not safely identify store assignment for repository candidate interface com.shimpimilan.repository.FamilyTimelineRepository; If you want this repository to be a Redis repository, consider annotating your entities with one of these annotations: org.springframework.data.redis.core.RedisHash (preferred), or consider extending one of the following types with your repository: org.springframework.data.keyvalue.repository.KeyValueRepository
    2026-07-08T09:33:50.366-04:00  INFO 7276 --- [    Test worker] .RepositoryConfigurationExtensionSupport : Spring Data Redis - Could not safely identify store assignment for repository candidate interface com.shimpimilan.repository.InterestRepository; If you want this repository to be a Redis repository, consider annotating your entities with one of these annotations: org.springframework.data.redis.core.RedisHash (preferred), or consider extending one of the following types with your repository: org.springframework.data.keyvalue.repository.KeyValueRepository
    2026-07-08T09:33:50.367-04:00  INFO 7276 --- [    Test worker] .RepositoryConfigurationExtensionSupport : Spring Data Redis - Could not safely identify store assignment for repository candidate interface com.shimpimilan.repository.KundaliRepository; If you want this repository to be a Redis repository, consider annotating your entities with one of these annotations: org.springframework.data.redis.core.RedisHash (preferred), or consider extending one of the following types with your repository: org.springframework.data.keyvalue.repository.KeyValueRepository
    2026-07-08T09:33:50.368-04:00  INFO 7276 --- [    Test worker] .RepositoryConfigurationExtensionSupport : Spring Data Redis - Could not safely identify store assignment for repository candidate interface com.shimpimilan.repository.LinkedCandidateAccountRepository; If you want this repository to be a Redis repository, consider annotating your entities with one of these annotations: org.springframework.data.redis.core.RedisHash (preferred), or consider extending one of the following types with your repository: org.springframework.data.keyvalue.repository.KeyValueRepository
    2026-07-08T09:33:50.370-04:00  INFO 7276 --- [    Test worker] .RepositoryConfigurationExtensionSupport : Spring Data Redis - Could not safely identify store assignment for repository candidate interface com.shimpimilan.repository.melava.MelavaAttendanceRepository; If you want this repository to be a Redis repository, consider annotating your entities with one of these annotations: org.springframework.data.redis.core.RedisHash (preferred), or consider extending one of the following types with your repository: org.springframework.data.keyvalue.repository.KeyValueRepository
    2026-07-08T09:33:50.372-04:00  INFO 7276 --- [    Test worker] .RepositoryConfigurationExtensionSupport : Spring Data Redis - Could not safely identify store assignment for repository candidate interface com.shimpimilan.repository.melava.MelavaGalleryRepository; If you want this repository to be a Redis repository, consider annotating your entities with one of these annotations: org.springframework.data.redis.core.RedisHash (preferred), or consider extending one of the following types with your repository: org.springframework.data.keyvalue.repository.KeyValueRepository
    2026-07-08T09:33:50.373-04:00  INFO 7276 --- [    Test worker] .RepositoryConfigurationExtensionSupport : Spring Data Redis - Could not safely identify store assignment for repository candidate interface com.shimpimilan.repository.melava.MelavaPaymentRepository; If you want this repository to be a Redis repository, consider annotating your entities with one of these annotations: org.springframework.data.redis.core.RedisHash (preferred), or consider extending one of the following types with your repository: org.springframework.data.keyvalue.repository.KeyValueRepository
    2026-07-08T09:33:50.377-04:00  INFO 7276 --- [    Test worker] .RepositoryConfigurationExtensionSupport : Spring Data Redis - Could not safely identify store assignment for repository candidate interface com.shimpimilan.repository.melava.MelavaRegistrationRepository; If you want this repository to be a Redis repository, consider annotating your entities with one of these annotations: org.springframework.data.redis.core.RedisHash (preferred), or consider extending one of the following types with your repository: org.springframework.data.keyvalue.repository.KeyValueRepository
    2026-07-08T09:33:50.379-04:00  INFO 7276 --- [    Test worker] .RepositoryConfigurationExtensionSupport : Spring Data Redis - Could not safely identify store assignment for repository candidate interface com.shimpimilan.repository.melava.MelavaRepository; If you want this repository to be a Redis repository, consider annotating your entities with one of these annotations: org.springframework.data.redis.core.RedisHash (preferred), or consider extending one of the following types with your repository: org.springframework.data.keyvalue.repository.KeyValueRepository
    2026-07-08T09:33:50.380-04:00  INFO 7276 --- [    Test worker] .RepositoryConfigurationExtensionSupport : Spring Data Redis - Could not safely identify store assignment for repository candidate interface com.shimpimilan.repository.melava.MelavaSponsorRepository; If you want this repository to be a Redis repository, consider annotating your entities with one of these annotations: org.springframework.data.redis.core.RedisHash (preferred), or consider extending one of the following types with your repository: org.springframework.data.keyvalue.repository.KeyValueRepository
    2026-07-08T09:33:50.381-04:00  INFO 7276 --- [    Test worker] .RepositoryConfigurationExtensionSupport : Spring Data Redis - Could not safely identify store assignment for repository candidate interface com.shimpimilan.repository.melava.MelavaVolunteerRepository; If you want this repository to be a Redis repository, consider annotating your entities with one of these annotations: org.springframework.data.redis.core.RedisHash (preferred), or consider extending one of the following types with your repository: org.springframework.data.keyvalue.repository.KeyValueRepository
    2026-07-08T09:33:50.386-04:00  INFO 7276 --- [    Test worker] .RepositoryConfigurationExtensionSupport : Spring Data Redis - Could not safely identify store assignment for repository candidate interface com.shimpimilan.repository.PaymentRepository; If you want this repository to be a Redis repository, consider annotating your entities with one of these annotations: org.springframework.data.redis.core.RedisHash (preferred), or consider extending one of the following types with your repository: org.springframework.data.keyvalue.repository.KeyValueRepository
    2026-07-08T09:33:50.387-04:00  INFO 7276 --- [    Test worker] .RepositoryConfigurationExtensionSupport : Spring Data Redis - Could not safely identify store assignment for repository candidate interface com.shimpimilan.repository.ProfileRepository; If you want this repository to be a Redis repository, consider annotating your entities with one of these annotations: org.springframework.data.redis.core.RedisHash (preferred), or consider extending one of the following types with your repository: org.springframework.data.keyvalue.repository.KeyValueRepository
    2026-07-08T09:33:50.388-04:00  INFO 7276 --- [    Test worker] .RepositoryConfigurationExtensionSupport : Spring Data Redis - Could not safely identify store assignment for repository candidate interface com.shimpimilan.repository.ProfileViewRepository; If you want this repository to be a Redis repository, consider annotating your entities with one of these annotations: org.springframework.data.redis.core.RedisHash (preferred), or consider extending one of the following types with your repository: org.springframework.data.keyvalue.repository.KeyValueRepository
    2026-07-08T09:33:50.389-04:00  INFO 7276 --- [    Test worker] .RepositoryConfigurationExtensionSupport : Spring Data Redis - Could not safely identify store assignment for repository candidate interface com.shimpimilan.repository.ReferralRepository; If you want this repository to be a Redis repository, consider annotating your entities with one of these annotations: org.springframework.data.redis.core.RedisHash (preferred), or consider extending one of the following types with your repository: org.springframework.data.keyvalue.repository.KeyValueRepository
    2026-07-08T09:33:50.391-04:00  INFO 7276 --- [    Test worker] .RepositoryConfigurationExtensionSupport : Spring Data Redis - Could not safely identify store assignment for repository candidate interface com.shimpimilan.repository.ReferralWalletRepository; If you want this repository to be a Redis repository, consider annotating your entities with one of these annotations: org.springframework.data.redis.core.RedisHash (preferred), or consider extending one of the following types with your repository: org.springframework.data.keyvalue.repository.KeyValueRepository
    2026-07-08T09:33:50.392-04:00  INFO 7276 --- [    Test worker] .RepositoryConfigurationExtensionSupport : Spring Data Redis - Could not safely identify store assignment for repository candidate interface com.shimpimilan.repository.SubscriptionRepository; If you want this repository to be a Redis repository, consider annotating your entities with one of these annotations: org.springframework.data.redis.core.RedisHash (preferred), or consider extending one of the following types with your repository: org.springframework.data.keyvalue.repository.KeyValueRepository
    2026-07-08T09:33:50.396-04:00  INFO 7276 --- [    Test worker] .RepositoryConfigurationExtensionSupport : Spring Data Redis - Could not safely identify store assignment for repository candidate interface com.shimpimilan.repository.SuccessStoryRepository; If you want this repository to be a Redis repository, consider annotating your entities with one of these annotations: org.springframework.data.redis.core.RedisHash (preferred), or consider extending one of the following types with your repository: org.springframework.data.keyvalue.repository.KeyValueRepository
    2026-07-08T09:33:50.397-04:00  INFO 7276 --- [    Test worker] .RepositoryConfigurationExtensionSupport : Spring Data Redis - Could not safely identify store assignment for repository candidate interface com.shimpimilan.repository.UserRepository; If you want this repository to be a Redis repository, consider annotating your entities with one of these annotations: org.springframework.data.redis.core.RedisHash (preferred), or consider extending one of the following types with your repository: org.springframework.data.keyvalue.repository.KeyValueRepository
    2026-07-08T09:33:50.398-04:00  INFO 7276 --- [    Test worker] .RepositoryConfigurationExtensionSupport : Spring Data Redis - Could not safely identify store assignment for repository candidate interface com.shimpimilan.repository.VideoBiodataRepository; If you want this repository to be a Redis repository, consider annotating your entities with one of these annotations: org.springframework.data.redis.core.RedisHash (preferred), or consider extending one of the following types with your repository: org.springframework.data.keyvalue.repository.KeyValueRepository
    2026-07-08T09:33:50.399-04:00  INFO 7276 --- [    Test worker] .s.d.r.c.RepositoryConfigurationDelegate : Finished Spring Data repository scanning in 94 ms. Found 0 Redis repository interfaces.
    2026-07-08T09:33:56.147-04:00  INFO 7276 --- [    Test worker] o.hibernate.jpa.internal.util.LogHelper  : HHH000204: Processing PersistenceUnitInfo [name: default]
    2026-07-08T09:33:56.389-04:00  INFO 7276 --- [    Test worker] org.hibernate.Version                    : HHH000412: Hibernate ORM core version 6.5.2.Final
    2026-07-08T09:33:56.525-04:00  INFO 7276 --- [    Test worker] o.h.c.internal.RegionFactoryInitiator    : HHH000026: Second-level cache disabled
    2026-07-08T09:33:58.316-04:00  INFO 7276 --- [    Test worker] o.s.o.j.p.SpringPersistenceUnitInfo      : No LoadTimeWeaver setup: ignoring JPA class transformer
    2026-07-08T09:33:58.416-04:00  INFO 7276 --- [    Test worker] com.zaxxer.hikari.HikariDataSource       : HikariPool-1 - Starting...
    2026-07-08T09:33:59.067-04:00  INFO 7276 --- [    Test worker] com.zaxxer.hikari.pool.HikariPool        : HikariPool-1 - Added connection conn0: url=jdbc:h2:mem:testdb user=SA
    2026-07-08T09:33:59.075-04:00  INFO 7276 --- [    Test worker] com.zaxxer.hikari.HikariDataSource       : HikariPool-1 - Start completed.
    2026-07-08T09:33:59.196-04:00  WARN 7276 --- [    Test worker] org.hibernate.orm.deprecation            : HHH90000025: H2Dialect does not need to be specified explicitly using 'hibernate.dialect' (remove the property setting and it will be selected by default)
    2026-07-08T09:34:04.349-04:00  INFO 7276 --- [    Test worker] o.h.e.t.j.p.i.JtaPlatformInitiator       : HHH000489: No JTA platform available (set 'hibernate.transaction.jta.platform' to enable JTA platform integration)
    2026-07-08T09:34:04.614-04:00  INFO 7276 --- [    Test worker] j.LocalContainerEntityManagerFactoryBean : Initialized JPA EntityManagerFactory for persistence unit 'default'
    2026-07-08T09:34:07.078-04:00  INFO 7276 --- [    Test worker] eAuthenticationProviderManagerConfigurer : Global AuthenticationManager configured with AuthenticationProvider bean with name authenticationProvider
    2026-07-08T09:34:07.084-04:00  WARN 7276 --- [    Test worker] r$InitializeUserDetailsManagerConfigurer : Global AuthenticationManager configured with an AuthenticationProvider bean. UserDetailsService beans will not be used for username/password login. Consider removing the AuthenticationProvider bean. Alternatively, consider using the UserDetailsService in a manually instantiated DaoAuthenticationProvider.
    2026-07-08T09:34:09.030-04:00  INFO 7276 --- [    Test worker] o.s.d.j.r.query.QueryEnhancerFactory     : Hibernate is in classpath; If applicable, HQL parser will be used.
    2026-07-08T09:34:13.894-04:00  WARN 7276 --- [    Test worker] JpaBaseConfiguration$JpaWebConfiguration : spring.jpa.open-in-view is enabled by default. Therefore, database queries may be performed during view rendering. Explicitly configure spring.jpa.open-in-view to disable this warning
    2026-07-08T09:34:15.913-04:00  INFO 7276 --- [    Test worker] o.s.b.a.e.web.EndpointLinksResolver      : Exposing 1 endpoint beneath base path '/actuator'
    2026-07-08T09:34:16.301-04:00  INFO 7276 --- [    Test worker] o.s.s.web.DefaultSecurityFilterChain     : Will secure any request with [org.springframework.security.web.session.DisableEncodeUrlFilter@4f911e17, org.springframework.security.web.context.request.async.WebAsyncManagerIntegrationFilter@18c135fa, org.springframework.security.web.context.SecurityContextHolderFilter@5707d11f, org.springframework.security.web.header.HeaderWriterFilter@75ad0ea9, org.springframework.web.filter.CorsFilter@5fda2b6, org.springframework.security.web.authentication.logout.LogoutFilter@2e143498, com.shimpimilan.security.JwtAuthenticationFilter@3d48674, org.springframework.security.web.savedrequest.RequestCacheAwareFilter@7e77ec04, org.springframework.security.web.servletapi.SecurityContextHolderAwareRequestFilter@68cb7aae, org.springframework.security.web.authentication.AnonymousAuthenticationFilter@1a16ae2a, org.springframework.security.web.session.SessionManagementFilter@1ebbf5f8, org.springframework.security.web.access.ExceptionTranslationFilter@6ecac97e, org.springframework.security.web.access.intercept.AuthorizationFilter@3a8be13b]
    2026-07-08T09:34:21.408-04:00  INFO 7276 --- [    Test worker] o.s.m.s.b.SimpleBrokerMessageHandler     : Starting...
    2026-07-08T09:34:21.409-04:00  INFO 7276 --- [    Test worker] o.s.m.s.b.SimpleBrokerMessageHandler     : BrokerAvailabilityEvent[available=true, SimpleBrokerMessageHandler [org.springframework.messaging.simp.broker.DefaultSubscriptionRegistry@413721f]]
    2026-07-08T09:34:21.411-04:00  INFO 7276 --- [    Test worker] o.s.m.s.b.SimpleBrokerMessageHandler     : Started.
    2026-07-08T09:34:21.470-04:00  INFO 7276 --- [    Test worker] c.s.service.InterestServiceTest          : Started InterestServiceTest in 37.275 seconds (process running for 40.332)


> Task :test

InterestServiceTest > testMutualInterest() STANDARD_OUT
    2026-07-08T09:34:23.490-04:00  WARN 7276 --- [    Test worker] o.h.engine.jdbc.spi.SqlExceptionHelper   : SQL Error: 23505, SQLState: 23505
    2026-07-08T09:34:23.491-04:00 ERROR 7276 --- [    Test worker] o.h.engine.jdbc.spi.SqlExceptionHelper   : Unique index or primary key violation: "PUBLIC.CONSTRAINT_INDEX_4 ON PUBLIC.APP_USERS(PHONE NULLS FIRST) VALUES ( /* 2 */ '1111111111' )"; SQL statement:
    insert into app_users (account_type,community,created_at,free_trial_used,password_hash,phone,referral_code,role,status,updated_at,id) values (?,?,?,?,?,?,?,?,?,?,default) [23505-224]

Gradle Test Executor 1 finished executing tests.
2026-07-08T09:34:23.841-04:00  INFO 7276 --- [ionShutdownHook] o.s.m.s.b.SimpleBrokerMessageHandler     : Stopping...
2026-07-08T09:34:23.842-04:00  INFO 7276 --- [ionShutdownHook] o.s.m.s.b.SimpleBrokerMessageHandler     : BrokerAvailabilityEvent[available=false, SimpleBrokerMessageHandler [org.springframework.messaging.simp.broker.DefaultSubscriptionRegistry@413721f]]
2026-07-08T09:34:23.842-04:00  INFO 7276 --- [ionShutdownHook] o.s.m.s.b.SimpleBrokerMessageHandler     : Stopped.
2026-07-08T09:34:23.894-04:00  INFO 7276 --- [ionShutdownHook] j.LocalContainerEntityManagerFactoryBean : Closing JPA EntityManagerFactory for persistence unit 'default'
2026-07-08T09:34:23.955-04:00  INFO 7276 --- [ionShutdownHook] com.zaxxer.hikari.HikariDataSource       : HikariPool-1 - Shutdown initiated...
2026-07-08T09:34:23.965-04:00  INFO 7276 --- [ionShutdownHook] com.zaxxer.hikari.HikariDataSource       : HikariPool-1 - Shutdown completed.

> Task :test FAILED

InterestServiceTest > testMutualInterest() FAILED
    org.springframework.dao.DataIntegrityViolationException: could not execute statement [Unique index or primary key violation: "PUBLIC.CONSTRAINT_INDEX_4 ON PUBLIC.APP_USERS(PHONE NULLS FIRST) VALUES ( /* 2 */ '1111111111' )"; SQL statement:
    insert into app_users (account_type,community,created_at,free_trial_used,password_hash,phone,referral_code,role,status,updated_at,id) values (?,?,?,?,?,?,?,?,?,?,default) [23505-224]] [insert into app_users (account_type,community,created_at,free_trial_used,password_hash,phone,referral_code,role,status,updated_at,id) values (?,?,?,?,?,?,?,?,?,?,default)]; SQL [insert into app_users (account_type,community,created_at,free_trial_used,password_hash,phone,referral_code,role,status,updated_at,id) values (?,?,?,?,?,?,?,?,?,?,default)]; constraint [PUBLIC.CONSTRAINT_INDEX_4]
        at app//org.springframework.orm.jpa.vendor.HibernateJpaDialect.convertHibernateAccessException(HibernateJpaDialect.java:290)
        at app//org.springframework.orm.jpa.vendor.HibernateJpaDialect.translateExceptionIfPossible(HibernateJpaDialect.java:241)
        at app//org.springframework.orm.jpa.AbstractEntityManagerFactoryBean.translateExceptionIfPossible(AbstractEntityManagerFactoryBean.java:550)
        at app//org.springframework.dao.support.ChainedPersistenceExceptionTranslator.translateExceptionIfPossible(ChainedPersistenceExceptionTranslator.java:61)
        at app//org.springframework.dao.support.DataAccessUtils.translateIfNecessary(DataAccessUtils.java:335)
        at app//org.springframework.dao.support.PersistenceExceptionTranslationInterceptor.invoke(PersistenceExceptionTranslationInterceptor.java:152)
        at app//org.springframework.aop.framework.ReflectiveMethodInvocation.proceed(ReflectiveMethodInvocation.java:184)
        at app//org.springframework.data.jpa.repository.support.CrudMethodMetadataPostProcessor$CrudMethodMetadataPopulatingMethodInterceptor.invoke(CrudMethodMetadataPostProcessor.java:165)
        at app//org.springframework.aop.framework.ReflectiveMethodInvocation.proceed(ReflectiveMethodInvocation.java:184)
        at app//org.springframework.aop.interceptor.ExposeInvocationInterceptor.invoke(ExposeInvocationInterceptor.java:97)
        at app//org.springframework.aop.framework.ReflectiveMethodInvocation.proceed(ReflectiveMethodInvocation.java:184)
        at app//org.springframework.aop.framework.JdkDynamicAopProxy.invoke(JdkDynamicAopProxy.java:223)
        at app/jdk.proxy3/jdk.proxy3.$Proxy178.save(Unknown Source)
        at app//com.shimpimilan.service.InterestServiceTest.testMutualInterest(InterestServiceTest.java:30)

        Caused by:
        org.hibernate.exception.ConstraintViolationException: could not execute statement [Unique index or primary key violation: "PUBLIC.CONSTRAINT_INDEX_4 ON PUBLIC.APP_USERS(PHONE NULLS FIRST) VALUES ( /* 2 */ '1111111111' )"; SQL statement:
        insert into app_users (account_type,community,created_at,free_trial_used,password_hash,phone,referral_code,role,status,updated_at,id) values (?,?,?,?,?,?,?,?,?,?,default) [23505-224]] [insert into app_users (account_type,community,created_at,free_trial_used,password_hash,phone,referral_code,role,status,updated_at,id) values (?,?,?,?,?,?,?,?,?,?,default)]
            at app//org.hibernate.dialect.H2Dialect.lambda$buildSQLExceptionConversionDelegate$3(H2Dialect.java:746)
            at app//org.hibernate.exception.internal.StandardSQLExceptionConverter.convert(StandardSQLExceptionConverter.java:58)
            at app//org.hibernate.engine.jdbc.spi.SqlExceptionHelper.convert(SqlExceptionHelper.java:108)
            at app//org.hibernate.engine.jdbc.internal.ResultSetReturnImpl.executeUpdate(ResultSetReturnImpl.java:197)
            at app//org.hibernate.id.insert.GetGeneratedKeysDelegate.performMutation(GetGeneratedKeysDelegate.java:116)
            at app//org.hibernate.engine.jdbc.mutation.internal.MutationExecutorSingleNonBatched.performNonBatchedOperations(MutationExecutorSingleNonBatched.java:47)
            at app//org.hibernate.engine.jdbc.mutation.internal.AbstractMutationExecutor.execute(AbstractMutationExecutor.java:55)
            at app//org.hibernate.persister.entity.mutation.InsertCoordinatorStandard.doStaticInserts(InsertCoordinatorStandard.java:194)
            at app//org.hibernate.persister.entity.mutation.InsertCoordinatorStandard.coordinateInsert(InsertCoordinatorStandard.java:132)
            at app//org.hibernate.persister.entity.mutation.InsertCoordinatorStandard.insert(InsertCoordinatorStandard.java:95)
            at app//org.hibernate.action.internal.EntityIdentityInsertAction.execute(EntityIdentityInsertAction.java:85)
            at app//org.hibernate.engine.spi.ActionQueue.execute(ActionQueue.java:670)
            at app//org.hibernate.engine.spi.ActionQueue.addResolvedEntityInsertAction(ActionQueue.java:291)
            at app//org.hibernate.engine.spi.ActionQueue.addInsertAction(ActionQueue.java:272)
            at app//org.hibernate.engine.spi.ActionQueue.addAction(ActionQueue.java:322)
            at app//org.hibernate.event.internal.AbstractSaveEventListener.addInsertAction(AbstractSaveEventListener.java:391)
            at app//org.hibernate.event.internal.AbstractSaveEventListener.performSaveOrReplicate(AbstractSaveEventListener.java:305)
            at app//org.hibernate.event.internal.AbstractSaveEventListener.performSave(AbstractSaveEventListener.java:224)
            at app//org.hibernate.event.internal.AbstractSaveEventListener.saveWithGeneratedId(AbstractSaveEventListener.java:137)
            at app//org.hibernate.event.internal.DefaultPersistEventListener.entityIsTransient(DefaultPersistEventListener.java:175)
            at app//org.hibernate.event.internal.DefaultPersistEventListener.persist(DefaultPersistEventListener.java:93)
            at app//org.hibernate.event.internal.DefaultPersistEventListener.onPersist(DefaultPersistEventListener.java:77)
            at app//org.hibernate.event.internal.DefaultPersistEventListener.onPersist(DefaultPersistEventListener.java:54)
            at app//org.hibernate.event.service.internal.EventListenerGroupImpl.fireEventOnEachListener(EventListenerGroupImpl.java:127)
            at app//org.hibernate.internal.SessionImpl.firePersist(SessionImpl.java:757)
            at app//org.hibernate.internal.SessionImpl.persist(SessionImpl.java:741)
            at java.base@17.0.19/jdk.internal.reflect.NativeMethodAccessorImpl.invoke0(Native Method)
            at java.base@17.0.19/jdk.internal.reflect.NativeMethodAccessorImpl.invoke(NativeMethodAccessorImpl.java:77)
            at java.base@17.0.19/jdk.internal.reflect.DelegatingMethodAccessorImpl.invoke(DelegatingMethodAccessorImpl.java:43)
            at java.base@17.0.19/java.lang.reflect.Method.invoke(Method.java:569)
            at app//org.springframework.orm.jpa.SharedEntityManagerCreator$SharedEntityManagerInvocationHandler.invoke(SharedEntityManagerCreator.java:319)
            at app/jdk.proxy3/jdk.proxy3.$Proxy175.persist(Unknown Source)
            at app//org.springframework.data.jpa.repository.support.SimpleJpaRepository.save(SimpleJpaRepository.java:628)
            at java.base@17.0.19/jdk.internal.reflect.NativeMethodAccessorImpl.invoke0(Native Method)
            at java.base@17.0.19/jdk.internal.reflect.NativeMethodAccessorImpl.invoke(NativeMethodAccessorImpl.java:77)
            at java.base@17.0.19/jdk.internal.reflect.DelegatingMethodAccessorImpl.invoke(DelegatingMethodAccessorImpl.java:43)
            at java.base@17.0.19/java.lang.reflect.Method.invoke(Method.java:569)
            at app//org.springframework.aop.support.AopUtils.invokeJoinpointUsingReflection(AopUtils.java:354)
            at app//org.springframework.data.repository.core.support.RepositoryMethodInvoker$RepositoryFragmentMethodInvoker.lambda$new$0(RepositoryMethodInvoker.java:277)
            at app//org.springframework.data.repository.core.support.RepositoryMethodInvoker.doInvoke(RepositoryMethodInvoker.java:170)
            at app//org.springframework.data.repository.core.support.RepositoryMethodInvoker.invoke(RepositoryMethodInvoker.java:158)
            at app//org.springframework.data.repository.core.support.RepositoryComposition$RepositoryFragments.invoke(RepositoryComposition.java:516)
            at app//org.springframework.data.repository.core.support.RepositoryComposition.invoke(RepositoryComposition.java:285)
            at app//org.springframework.data.repository.core.support.RepositoryFactorySupport$ImplementationMethodExecutionInterceptor.invoke(RepositoryFactorySupport.java:628)
            at app//org.springframework.aop.framework.ReflectiveMethodInvocation.proceed(ReflectiveMethodInvocation.java:184)
            at app//org.springframework.data.repository.core.support.QueryExecutorMethodInterceptor.doInvoke(QueryExecutorMethodInterceptor.java:168)
            at app//org.springframework.data.repository.core.support.QueryExecutorMethodInterceptor.invoke(QueryExecutorMethodInterceptor.java:143)
            at app//org.springframework.aop.framework.ReflectiveMethodInvocation.proceed(ReflectiveMethodInvocation.java:184)
            at app//org.springframework.data.projection.DefaultMethodInvokingMethodInterceptor.invoke(DefaultMethodInvokingMethodInterceptor.java:70)
            at app//org.springframework.aop.framework.ReflectiveMethodInvocation.proceed(ReflectiveMethodInvocation.java:184)
            at app//org.springframework.transaction.interceptor.TransactionInterceptor$1.proceedWithInvocation(TransactionInterceptor.java:123)
            at app//org.springframework.transaction.interceptor.TransactionAspectSupport.invokeWithinTransaction(TransactionAspectSupport.java:392)
            at app//org.springframework.transaction.interceptor.TransactionInterceptor.invoke(TransactionInterceptor.java:119)
            at app//org.springframework.aop.framework.ReflectiveMethodInvocation.proceed(ReflectiveMethodInvocation.java:184)
            at app//org.springframework.dao.support.PersistenceExceptionTranslationInterceptor.invoke(PersistenceExceptionTranslationInterceptor.java:137)
            ... 8 more

            Caused by:
            org.h2.jdbc.JdbcSQLIntegrityConstraintViolationException: Unique index or primary key violation: "PUBLIC.CONSTRAINT_INDEX_4 ON PUBLIC.APP_USERS(PHONE NULLS FIRST) VALUES ( /* 2 */ '1111111111' )"; SQL statement:
            insert into app_users (account_type,community,created_at,free_trial_used,password_hash,phone,referral_code,role,status,updated_at,id) values (?,?,?,?,?,?,?,?,?,?,default) [23505-224]
                at org.h2.message.DbException.getJdbcSQLException(DbException.java:520)
                at org.h2.message.DbException.getJdbcSQLException(DbException.java:489)
                at org.h2.message.DbException.get(DbException.java:223)
                at org.h2.message.DbException.get(DbException.java:199)
                at org.h2.index.Index.getDuplicateKeyException(Index.java:527)
                at org.h2.mvstore.db.MVSecondaryIndex.checkUnique(MVSecondaryIndex.java:223)
                at org.h2.mvstore.db.MVSecondaryIndex.add(MVSecondaryIndex.java:184)
                at org.h2.mvstore.db.MVTable.addRow(MVTable.java:519)
                at org.h2.command.dml.Insert.insertRows(Insert.java:174)
                at org.h2.command.dml.Insert.update(Insert.java:135)
                at org.h2.command.CommandContainer.executeUpdateWithGeneratedKeys(CommandContainer.java:242)
                at org.h2.command.CommandContainer.update(CommandContainer.java:163)
                at org.h2.command.Command.executeUpdate(Command.java:256)
                at org.h2.jdbc.JdbcPreparedStatement.executeUpdateInternal(JdbcPreparedStatement.java:216)
                at org.h2.jdbc.JdbcPreparedStatement.executeUpdate(JdbcPreparedStatement.java:174)
                at com.zaxxer.hikari.pool.ProxyPreparedStatement.executeUpdate(ProxyPreparedStatement.java:61)
                at com.zaxxer.hikari.pool.HikariProxyPreparedStatement.executeUpdate(HikariProxyPreparedStatement.java)
                at org.hibernate.engine.jdbc.internal.ResultSetReturnImpl.executeUpdate(ResultSetReturnImpl.java:194)
                ... 59 more
Finished generating test XML results (0.071 secs) into: C:\Users\Administrator\Desktop\shimpi vivah\backend\build\test-results\test
Generating HTML test report...
Finished generating test html results (0.043 secs) into: C:\Users\Administrator\Desktop\shimpi vivah\backend\build\reports\tests\test

Deprecated Gradle features were used in this build, making it incompatible with Gradle 9.0.

You can use '--warning-mode all' to show the individual deprecation warnings and determine if they come from your own scripts or plugins.

For more on this, please refer to https://docs.gradle.org/8.7/userguide/command_line_interface.html#sec:command_line_warnings in the Gradle documentation.
5 actionable tasks: 1 executed, 4 up-to-date
Watched directory hierarchies: [C:\Users\Administrator\Desktop\shimpi vivah\backend]
